Archive member included to satisfy reference by file (symbol)

c:/program files (x86)/atmel/studio/7.0/toolchain/avr8/avr8-gnu-toolchain/bin/../lib/gcc/avr/4.9.2/../../../../avr/lib/avr5\libm.a(addsf3.o)
                              main.o (__addsf3)
c:/program files (x86)/atmel/studio/7.0/toolchain/avr8/avr8-gnu-toolchain/bin/../lib/gcc/avr/4.9.2/../../../../avr/lib/avr5\libm.a(addsf3x.o)
                              c:/program files (x86)/atmel/studio/7.0/toolchain/avr8/avr8-gnu-toolchain/bin/../lib/gcc/avr/4.9.2/../../../../avr/lib/avr5\libm.a(addsf3.o) (__addsf3x)
c:/program files (x86)/atmel/studio/7.0/toolchain/avr8/avr8-gnu-toolchain/bin/../lib/gcc/avr/4.9.2/../../../../avr/lib/avr5\libm.a(cmpsf2.o)
                              main.o (__ltsf2)
c:/program files (x86)/atmel/studio/7.0/toolchain/avr8/avr8-gnu-toolchain/bin/../lib/gcc/avr/4.9.2/../../../../avr/lib/avr5\libm.a(divsf3.o)
                              main.o (__divsf3)
c:/program files (x86)/atmel/studio/7.0/toolchain/avr8/avr8-gnu-toolchain/bin/../lib/gcc/avr/4.9.2/../../../../avr/lib/avr5\libm.a(divsf3x.o)
                              c:/program files (x86)/atmel/studio/7.0/toolchain/avr8/avr8-gnu-toolchain/bin/../lib/gcc/avr/4.9.2/../../../../avr/lib/avr5\libm.a(divsf3.o) (__divsf3x)
c:/program files (x86)/atmel/studio/7.0/toolchain/avr8/avr8-gnu-toolchain/bin/../lib/gcc/avr/4.9.2/../../../../avr/lib/avr5\libm.a(fixunssfsi.o)
                              main.o (__fixunssfsi)
c:/program files (x86)/atmel/studio/7.0/toolchain/avr8/avr8-gnu-toolchain/bin/../lib/gcc/avr/4.9.2/../../../../avr/lib/avr5\libm.a(floatsisf.o)
                              main.o (__floatunsisf)
c:/program files (x86)/atmel/studio/7.0/toolchain/avr8/avr8-gnu-toolchain/bin/../lib/gcc/avr/4.9.2/../../../../avr/lib/avr5\libm.a(fp_cmp.o)
                              c:/program files (x86)/atmel/studio/7.0/toolchain/avr8/avr8-gnu-toolchain/bin/../lib/gcc/avr/4.9.2/../../../../avr/lib/avr5\libm.a(cmpsf2.o) (__fp_cmp)
c:/program files (x86)/atmel/studio/7.0/toolchain/avr8/avr8-gnu-toolchain/bin/../lib/gcc/avr/4.9.2/../../../../avr/lib/avr5\libm.a(fp_inf.o)
                              c:/program files (x86)/atmel/studio/7.0/toolchain/avr8/avr8-gnu-toolchain/bin/../lib/gcc/avr/4.9.2/../../../../avr/lib/avr5\libm.a(addsf3x.o) (__fp_inf)
c:/program files (x86)/atmel/studio/7.0/toolchain/avr8/avr8-gnu-toolchain/bin/../lib/gcc/avr/4.9.2/../../../../avr/lib/avr5\libm.a(fp_nan.o)
                              c:/program files (x86)/atmel/studio/7.0/toolchain/avr8/avr8-gnu-toolchain/bin/../lib/gcc/avr/4.9.2/../../../../avr/lib/avr5\libm.a(addsf3x.o) (__fp_nan)
c:/program files (x86)/atmel/studio/7.0/toolchain/avr8/avr8-gnu-toolchain/bin/../lib/gcc/avr/4.9.2/../../../../avr/lib/avr5\libm.a(fp_pscA.o)
                              c:/program files (x86)/atmel/studio/7.0/toolchain/avr8/avr8-gnu-toolchain/bin/../lib/gcc/avr/4.9.2/../../../../avr/lib/avr5\libm.a(addsf3x.o) (__fp_pscA)
c:/program files (x86)/atmel/studio/7.0/toolchain/avr8/avr8-gnu-toolchain/bin/../lib/gcc/avr/4.9.2/../../../../avr/lib/avr5\libm.a(fp_pscB.o)
                              c:/program files (x86)/atmel/studio/7.0/toolchain/avr8/avr8-gnu-toolchain/bin/../lib/gcc/avr/4.9.2/../../../../avr/lib/avr5\libm.a(addsf3x.o) (__fp_pscB)
c:/program files (x86)/atmel/studio/7.0/toolchain/avr8/avr8-gnu-toolchain/bin/../lib/gcc/avr/4.9.2/../../../../avr/lib/avr5\libm.a(fp_round.o)
                              c:/program files (x86)/atmel/studio/7.0/toolchain/avr8/avr8-gnu-toolchain/bin/../lib/gcc/avr/4.9.2/../../../../avr/lib/avr5\libm.a(addsf3.o) (__fp_round)
c:/program files (x86)/atmel/studio/7.0/toolchain/avr8/avr8-gnu-toolchain/bin/../lib/gcc/avr/4.9.2/../../../../avr/lib/avr5\libm.a(fp_split3.o)
                              c:/program files (x86)/atmel/studio/7.0/toolchain/avr8/avr8-gnu-toolchain/bin/../lib/gcc/avr/4.9.2/../../../../avr/lib/avr5\libm.a(addsf3x.o) (__fp_split3)
c:/program files (x86)/atmel/studio/7.0/toolchain/avr8/avr8-gnu-toolchain/bin/../lib/gcc/avr/4.9.2/../../../../avr/lib/avr5\libm.a(fp_zero.o)
                              c:/program files (x86)/atmel/studio/7.0/toolchain/avr8/avr8-gnu-toolchain/bin/../lib/gcc/avr/4.9.2/../../../../avr/lib/avr5\libm.a(addsf3x.o) (__fp_zero)
c:/program files (x86)/atmel/studio/7.0/toolchain/avr8/avr8-gnu-toolchain/bin/../lib/gcc/avr/4.9.2/../../../../avr/lib/avr5\libm.a(gesf2.o)
                              main.o (__gesf2)
c:/program files (x86)/atmel/studio/7.0/toolchain/avr8/avr8-gnu-toolchain/bin/../lib/gcc/avr/4.9.2/../../../../avr/lib/avr5\libm.a(mulsf3.o)
                              main.o (__mulsf3)
c:/program files (x86)/atmel/studio/7.0/toolchain/avr8/avr8-gnu-toolchain/bin/../lib/gcc/avr/4.9.2/../../../../avr/lib/avr5\libm.a(mulsf3x.o)
                              c:/program files (x86)/atmel/studio/7.0/toolchain/avr8/avr8-gnu-toolchain/bin/../lib/gcc/avr/4.9.2/../../../../avr/lib/avr5\libm.a(mulsf3.o) (__mulsf3x)
[...]
Memory Configuration

Name             Origin             Length             Attributes
text             0x00000000         0x00020000         xr
data             0x00800060         0x0000ffa0         rw !x
eeprom           0x00810000         0x00010000         rw !x
fuse             0x00820000         0x00000003         rw !x
lock             0x00830000         0x00000400         rw !x
signature        0x00840000         0x00000400         rw !x
user_signatures  0x00850000         0x00000400         rw !x
*default*        0x00000000         0xffffffff

Linker script and memory map

Address of section .data set to 0x800100
LOAD C:/Program Files (x86)/Atmel/Studio/7.0/Packs/atmel/ATmega_DFP/1.1.130/gcc/dev/atmega328p/avr5/crtatmega328p.o
LOAD Drivers/eeprom.o
LOAD Drivers/u8glib/chessengine.o
LOAD Drivers/u8glib/u8g_bitmap.o
LOAD Drivers/u8glib/u8g_circle.o
LOAD Drivers/u8glib/u8g_clip.o
LOAD Drivers/u8glib/u8g_com_api.o
LOAD Drivers/u8glib/u8g_com_api_16gr.o
LOAD Drivers/u8glib/u8g_com_arduino_attiny85_hw_spi.o
LOAD Drivers/u8glib/u8g_com_arduino_common.o
LOAD Drivers/u8glib/u8g_com_arduino_fast_parallel.o
LOAD Drivers/u8glib/u8g_com_arduino_hw_spi.o
LOAD Drivers/u8glib/u8g_com_arduino_hw_usart_spi.o
LOAD Drivers/u8glib/u8g_com_arduino_no_en_parallel.o
LOAD Drivers/u8glib/u8g_com_arduino_parallel.o
LOAD Drivers/u8glib/u8g_com_arduino_port_d_wr.o
LOAD Drivers/u8glib/u8g_com_arduino_ssd_i2c.o
LOAD Drivers/u8glib/u8g_com_arduino_st7920_custom.o
LOAD Drivers/u8glib/u8g_com_arduino_st7920_hw_spi.o
LOAD Drivers/u8glib/u8g_com_arduino_st7920_spi.o
LOAD Drivers/u8glib/u8g_com_arduino_std_sw_spi.o
LOAD Drivers/u8glib/u8g_com_arduino_sw_spi.o
LOAD Drivers/u8glib/u8g_com_arduino_t6963.o
LOAD Drivers/u8glib/u8g_com_arduino_uc_i2c.o
LOAD Drivers/u8glib/u8g_com_atmega_hw_spi.o
LOAD Drivers/u8glib/u8g_com_atmega_parallel.o
LOAD Drivers/u8glib/u8g_com_atmega_st7920_hw_spi.o
LOAD Drivers/u8glib/u8g_com_atmega_st7920_spi.o
LOAD Drivers/u8glib/u8g_com_atmega_sw_spi.o
LOAD Drivers/u8glib/u8g_com_i2c.o
LOAD Drivers/u8glib/u8g_com_io.o
LOAD Drivers/u8glib/u8g_com_msp430_hw_spi.o
LOAD Drivers/u8glib/u8g_com_null.o
LOAD Drivers/u8glib/u8g_com_raspberrypi_hw_spi.o
LOAD Drivers/u8glib/u8g_com_raspberrypi_ssd_i2c.o
LOAD Drivers/u8glib/u8g_com_std_sw_spi.o
LOAD Drivers/u8glib/u8g_cursor.o
LOAD Drivers/u8glib/u8g_delay.o
LOAD Drivers/u8glib/u8g_dev_a2_micro_printer.o
LOAD Drivers/u8glib/u8g_dev_flipdisc_2x7.o
LOAD Drivers/u8glib/u8g_dev_gprof.o
LOAD Drivers/u8glib/u8g_dev_ht1632.o
LOAD Drivers/u8glib/u8g_dev_ili9325d_320x240.o
LOAD Drivers/u8glib/u8g_dev_ks0108_128x64.o
LOAD Drivers/u8glib/u8g_dev_lc7981_160x80.o
LOAD Drivers/u8glib/u8g_dev_lc7981_240x128.o
LOAD Drivers/u8glib/u8g_dev_lc7981_240x64.o
LOAD Drivers/u8glib/u8g_dev_lc7981_320x64.o
LOAD Drivers/u8glib/u8g_dev_ld7032_60x32.o
LOAD Drivers/u8glib/u8g_dev_null.o
LOAD Drivers/u8glib/u8g_dev_pcd8544_84x48.o
LOAD Drivers/u8glib/u8g_dev_pcf8812_96x65.o
LOAD Drivers/u8glib/u8g_dev_sbn1661_122x32.o
LOAD Drivers/u8glib/u8g_dev_ssd1306_128x32.o
LOAD Drivers/u8glib/u8g_dev_ssd1306_128x64.o
LOAD Drivers/u8glib/u8g_dev_ssd1306_64x48.o
LOAD Drivers/u8glib/u8g_dev_ssd1309_128x64.o
LOAD Drivers/u8glib/u8g_dev_ssd1322_nhd31oled_bw.o
LOAD Drivers/u8glib/u8g_dev_ssd1322_nhd31oled_gr.o
LOAD Drivers/u8glib/u8g_dev_ssd1325_nhd27oled_bw.o
LOAD Drivers/u8glib/u8g_dev_ssd1325_nhd27oled_bw_new.o
LOAD Drivers/u8glib/u8g_dev_ssd1325_nhd27oled_gr.o
LOAD Drivers/u8glib/u8g_dev_ssd1325_nhd27oled_gr_new.o
LOAD Drivers/u8glib/u8g_dev_ssd1327_96x96_gr.o
LOAD Drivers/u8glib/u8g_dev_ssd1351_128x128.o
LOAD Drivers/u8glib/u8g_dev_ssd1353_160x128.o
LOAD Drivers/u8glib/u8g_dev_st7565_64128n.o
LOAD Drivers/u8glib/u8g_dev_st7565_dogm128.o
LOAD Drivers/u8glib/u8g_dev_st7565_dogm132.o
LOAD Drivers/u8glib/u8g_dev_st7565_lm6059.o
LOAD Drivers/u8glib/u8g_dev_st7565_lm6063.o
LOAD Drivers/u8glib/u8g_dev_st7565_nhd_c12832.o
LOAD Drivers/u8glib/u8g_dev_st7565_nhd_c12864.o
LOAD Drivers/u8glib/u8g_dev_st7687_c144mvgd.o
LOAD Drivers/u8glib/u8g_dev_st7920_128x64.o
LOAD Drivers/u8glib/u8g_dev_st7920_192x32.o
LOAD Drivers/u8glib/u8g_dev_st7920_202x32.o
LOAD Drivers/u8glib/u8g_dev_t6963_128x128.o
LOAD Drivers/u8glib/u8g_dev_t6963_128x64.o
LOAD Drivers/u8glib/u8g_dev_t6963_240x128.o
LOAD Drivers/u8glib/u8g_dev_t6963_240x64.o
LOAD Drivers/u8glib/u8g_dev_tls8204_84x48.o
LOAD Drivers/u8glib/u8g_dev_uc1601_c128032.o
LOAD Drivers/u8glib/u8g_dev_uc1608_240x128.o
LOAD Drivers/u8glib/u8g_dev_uc1608_240x64.o
LOAD Drivers/u8glib/u8g_dev_uc1610_dogxl160.o
LOAD Drivers/u8glib/u8g_dev_uc1611_dogm240.o
LOAD Drivers/u8glib/u8g_dev_uc1611_dogxl240.o
LOAD Drivers/u8glib/u8g_dev_uc1701_dogs102.o
LOAD Drivers/u8glib/u8g_dev_uc1701_mini12864.o
LOAD Drivers/u8glib/u8g_ellipse.o
LOAD Drivers/u8glib/u8g_font.o
LOAD Drivers/u8glib/u8g_font_data.o
LOAD Drivers/u8glib/u8g_line.o
LOAD Drivers/u8glib/u8g_ll_api.o
LOAD Drivers/u8glib/u8g_page.o
LOAD Drivers/u8glib/u8g_pb.o
LOAD Drivers/u8glib/u8g_pb14v1.o
LOAD Drivers/u8glib/u8g_pb16h1.o
LOAD Drivers/u8glib/u8g_pb16h2.o
LOAD Drivers/u8glib/u8g_pb16v1.o
LOAD Drivers/u8glib/u8g_pb16v2.o
LOAD Drivers/u8glib/u8g_pb32h1.o
LOAD Drivers/u8glib/u8g_pb8h1.o
LOAD Drivers/u8glib/u8g_pb8h1f.o
LOAD Drivers/u8glib/u8g_pb8h2.o
LOAD Drivers/u8glib/u8g_pb8h8.o
LOAD Drivers/u8glib/u8g_pb8v1.o
LOAD Drivers/u8glib/u8g_pb8v2.o
LOAD Drivers/u8glib/u8g_pbxh16.o
LOAD Drivers/u8glib/u8g_pbxh24.o
LOAD Drivers/u8glib/u8g_polygon.o
LOAD Drivers/u8glib/u8g_rect.o
LOAD Drivers/u8glib/u8g_rot.o
LOAD Drivers/u8glib/u8g_scale.o
LOAD Drivers/u8glib/u8g_state.o
LOAD Drivers/u8glib/u8g_u16toa.o
LOAD Drivers/u8glib/u8g_u8toa.o
LOAD Drivers/u8glib/u8g_virtual_screen.o
LOAD Drivers/uart.o
LOAD main.o
LOAD time.o
START GROUP
LOAD c:/program files (x86)/atmel/studio/7.0/toolchain/avr8/avr8-gnu-toolchain/bin/../lib/gcc/avr/4.9.2/../../../../avr/lib/avr5\libm.a
END GROUP
LOAD c:/program files (x86)/atmel/studio/7.0/toolchain/avr8/avr8-gnu-toolchain/bin/../lib/gcc/avr/4.9.2/avr5\libgcc.a
LOAD c:/program files (x86)/atmel/studio/7.0/toolchain/avr8/avr8-gnu-toolchain/bin/../lib/gcc/avr/4.9.2/../../../../avr/lib/avr5\libm.a
START GROUP
LOAD c:/program files (x86)/atmel/studio/7.0/toolchain/avr8/avr8-gnu-toolchain/bin/../lib/gcc/avr/4.9.2/avr5\libgcc.a
LOAD c:/program files (x86)/atmel/studio/7.0/toolchain/avr8/avr8-gnu-toolchain/bin/../lib/gcc/avr/4.9.2/../../../../avr/lib/avr5\libm.a
LOAD c:/program files (x86)/atmel/studio/7.0/toolchain/avr8/avr8-gnu-toolchain/bin/../lib/gcc/avr/4.9.2/../../../../avr/lib/avr5\libc.a
LOAD C:/Program Files (x86)/Atmel/Studio/7.0/Packs/atmel/ATmega_DFP/1.1.130/gcc/dev/atmega328p/avr5\libatmega328p.a
END GROUP
                0x00020000                __TEXT_REGION_LENGTH__ = DEFINED (__TEXT_REGION_LENGTH__)?__TEXT_REGION_LENGTH__:0x20000
                0x0000ffa0                __DATA_REGION_LENGTH__ = DEFINED (__DATA_REGION_LENGTH__)?__DATA_REGION_LENGTH__:0xffa0
                0x00010000                __EEPROM_REGION_LENGTH__ = DEFINED (__EEPROM_REGION_LENGTH__)?__EEPROM_REGION_LENGTH__:0x10000
                [0x00000003]                __FUSE_REGION_LENGTH__ = DEFINED (__FUSE_REGION_LENGTH__)?__FUSE_REGION_LENGTH__:0x400
                0x00000400                __LOCK_REGION_LENGTH__ = DEFINED (__LOCK_REGION_LENGTH__)?__LOCK_REGION_LENGTH__:0x400
                0x00000400                __SIGNATURE_REGION_LENGTH__ = DEFINED (__SIGNATURE_REGION_LENGTH__)?__SIGNATURE_REGION_LENGTH__:0x400
                0x00000400                __USER_SIGNATURE_REGION_LENGTH__ = DEFINED (__USER_SIGNATURE_REGION_LENGTH__)?__USER_SIGNATURE_REGION_LENGTH__:0x400

.hash
 *(.hash)

.dynsym
 *(.dynsym)

.dynstr
 *(.dynstr)

.gnu.version
 *(.gnu.version)

.gnu.version_d
 *(.gnu.version_d)

.gnu.version_r
 *(.gnu.version_r)

.rel.init
 *(.rel.init)

.rela.init
 *(.rela.init)

.rel.text
 *(.rel.text)
 *(.rel.text.*)
 *(.rel.gnu.linkonce.t*)

.rela.text
 *(.rela.text)
 *(.rela.text.*)
 *(.rela.gnu.linkonce.t*)

.rel.fini
 *(.rel.fini)

.rela.fini
 *(.rela.fini)

.rel.rodata
 *(.rel.rodata)
 *(.rel.rodata.*)
 *(.rel.gnu.linkonce.r*)

.rela.rodata
 *(.rela.rodata)
 *(.rela.rodata.*)
 *(.rela.gnu.linkonce.r*)

.rel.data
 *(.rel.data)
 *(.rel.data.*)
 *(.rel.gnu.linkonce.d*)

.rela.data
 *(.rela.data)
 *(.rela.data.*)
 *(.rela.gnu.linkonce.d*)

.rel.ctors
 *(.rel.ctors)

.rela.ctors
 *(.rela.ctors)

.rel.dtors
 *(.rel.dtors)

.rela.dtors
 *(.rela.dtors)

.rel.got
 *(.rel.got)

.rela.got
 *(.rela.got)

.rel.bss
 *(.rel.bss)

.rela.bss
 *(.rela.bss)

.rel.plt
 *(.rel.plt)

.rela.plt
 *(.rela.plt)

.text           0x00000000     0x5876
 *(.vectors)
 .vectors       0x00000000       0x68 C:/Program Files (x86)/Atmel/Studio/7.0/Packs/atmel/ATmega_DFP/1.1.130/gcc/dev/atmega328p/avr5/crtatmega328p.o
                0x00000000                __vector_default
                0x00000000                __vectors
 *(.vectors)
 *(.progmem.gcc*)
 .progmem.gcc_sw_table._Z15mavlink_receiveh
                0x00000068       0x16 main.o
                0x0000007e                . = ALIGN (0x2)
                0x0000007e                __trampolines_start = .
 *(.trampolines)
 .trampolines   0x0000007e        0x0 linker stubs
 *(.trampolines*)
                0x0000007e                __trampolines_end = .
 *libprintf_flt.a:*(.progmem.data)
 *libc.a:*(.progmem.data)
 .progmem.data  0x0000007e       0xfa c:/program files (x86)/atmel/studio/7.0/toolchain/avr8/avr8-gnu-toolchain/bin/../lib/gcc/avr/4.9.2/../../../../avr/lib/avr5\libc.a(ftoa_engine.o)
 *(.progmem*)
 .progmem.data.u8g_dev_ssd13xx_sleep_off
                0x00000178        0xb Drivers/u8glib/u8g_dev_ssd1306_128x64.o
 .progmem.data.u8g_dev_ssd13xx_sleep_on
                0x00000183        0x9 Drivers/u8glib/u8g_dev_ssd1306_128x64.o
 .progmem.data.u8g_dev_ssd1306_128x64_data_start
                0x0000018c        0x8 Drivers/u8glib/u8g_dev_ssd1306_128x64.o
 .progmem.data.u8g_dev_ssd1306_128x64_adafruit2_init_seq
                0x00000194       0x26 Drivers/u8glib/u8g_dev_ssd1306_128x64.o
 .progmem.u8g_font_6x12
                0x000001ba      0x78d Drivers/u8glib/u8g_font_data.o
                0x000001ba                u8g_font_6x12
 .progmem.u8g_font_10x20
                0x00000947      0xd7d Drivers/u8glib/u8g_font_data.o
                0x00000947                u8g_font_10x20
 .progmem.u8g_font_04b_24
                0x000016c4      0x390 Drivers/u8glib/u8g_font_data.o
                0x000016c4                u8g_font_04b_24
 .progmem.data._ZZ22showInputVoltageScreenvE3__c_1
                0x00001a54        0x6 main.o
 .progmem.data._ZZ22showInputVoltageScreenvE3__c_0
                0x00001a5a        0x4 main.o
 .progmem.data._ZZ22showInputVoltageScreenvE3__c
                0x00001a5e       0x15 main.o
 .progmem.data._ZZ21showMavlinkDataScreenvE3__c_8
                0x00001a73        0xc main.o
 .progmem.data._ZZ21showMavlinkDataScreenvE3__c_7
                0x00001a7f        0xc main.o
 .progmem.data._ZZ21showMavlinkDataScreenvE3__c_6
                0x00001a8b        0x8 main.o
 .progmem.data._ZZ21showMavlinkDataScreenvE3__c_5
                0x00001a93        0xd main.o
 .progmem.data._ZZ21showMavlinkDataScreenvE3__c_4
                0x00001aa0        0x8 main.o
 .progmem.data._ZZ21showMavlinkDataScreenvE3__c_3
                0x00001aa8       0x12 main.o
 .progmem.data._ZZ21showMavlinkDataScreenvE3__c_2
                0x00001aba       0x12 main.o
 .progmem.data._ZZ21showMavlinkDataScreenvE3__c_1
                0x00001acc       0x12 main.o
 .progmem.data._ZZ21showMavlinkDataScreenvE3__c_0
                0x00001ade        0x7 main.o
 .progmem.data._ZZ21showMavlinkDataScreenvE3__c
                0x00001ae5        0x7 main.o
 .progmem.data._ZZ22showLastSavedPosScreenvE3__c_3
                0x00001aec        0x7 main.o
 .progmem.data._ZZ22showLastSavedPosScreenvE3__c_2
                0x00001af3        0x7 main.o
 .progmem.data._ZZ22showLastSavedPosScreenvE3__c_1
                0x00001afa        0x7 main.o
 .progmem.data._ZZ22showLastSavedPosScreenvE3__c_0
                0x00001b01       0x28 main.o
 .progmem.data._ZZ22showLastSavedPosScreenvE3__c
                0x00001b29       0x19 main.o
 .progmem.data._ZZ16showSplashScreenvE3__c_2
                0x00001b42       0x11 main.o
 .progmem.data._ZZ16showSplashScreenvE3__c_1
                0x00001b53        0xa main.o
 .progmem.data._ZZ16showSplashScreenvE3__c_0
                0x00001b5d        0x6 main.o
 .progmem.data._ZZ16showSplashScreenvE3__c
                0x00001b63        0xe main.o
 .progmem.data._ZZ14showLockScreenvE3__c_3
                0x00001b71       0x13 main.o
 .progmem.data._ZZ14showLockScreenvE3__c_2
                0x00001b84       0x27 main.o
 .progmem.data._ZZ14showLockScreenvE3__c_1
                0x00001bab       0x25 main.o
 .progmem.data._ZZ14showLockScreenvE3__c_0
                0x00001bd0       0x29 main.o
 .progmem.data._ZZ14showLockScreenvE3__c
                0x00001bf9       0x24 main.o
 .progmem..progmem.rus6x12
                0x00001c1d      0x7f9 main.o
 .progmem.data._ZL10with_plane
                0x00002416      0x120 main.o
                0x00002536                . = ALIGN (0x2)
 *(.jumptables)
 *(.jumptables*)
 *(.lowtext)
 *(.lowtext*)
                0x00002536                __ctors_start = .
 *(.ctors)
 .ctors         0x00002536        0x2 main.o
                0x00002538                __ctors_end = .
                0x00002538                __dtors_start = .
 *(.dtors)
                0x00002538                __dtors_end = .
 SORT(*)(.ctors)
 SORT(*)(.dtors)
 *(.init0)
 .init0         0x00002538        0x0 C:/Program Files (x86)/Atmel/Studio/7.0/Packs/atmel/ATmega_DFP/1.1.130/gcc/dev/atmega328p/avr5/crtatmega328p.o
                0x00002538                __init
 *(.init0)
 *(.init1)
 *(.init1)
 *(.init2)
 .init2         0x00002538        0xc C:/Program Files (x86)/Atmel/Studio/7.0/Packs/atmel/ATmega_DFP/1.1.130/gcc/dev/atmega328p/avr5/crtatmega328p.o
 *(.init2)
 *(.init3)
 *(.init3)
 *(.init4)
 .init4         0x00002544       0x16 c:/program files (x86)/atmel/studio/7.0/toolchain/avr8/avr8-gnu-toolchain/bin/../lib/gcc/avr/4.9.2/avr5\libgcc.a(_copy_data.o)
                0x00002544                __do_copy_data
 .init4         0x0000255a       0x10 c:/program files (x86)/atmel/studio/7.0/toolchain/avr8/avr8-gnu-toolchain/bin/../lib/gcc/avr/4.9.2/avr5\libgcc.a(_clear_bss.o)
                0x0000255a                __do_clear_bss
 *(.init4)
 *(.init5)
 *(.init5)
 *(.init6)
 .init6         0x0000256a       0x16 c:/program files (x86)/atmel/studio/7.0/toolchain/avr8/avr8-gnu-toolchain/bin/../lib/gcc/avr/4.9.2/avr5\libgcc.a(_ctors.o)
                0x0000256a                __do_global_ctors
 *(.init6)
 *(.init7)
 *(.init7)
 *(.init8)
 *(.init8)
 *(.init9)
 .init9         0x00002580        0x8 C:/Program Files (x86)/Atmel/Studio/7.0/Packs/atmel/ATmega_DFP/1.1.130/gcc/dev/atmega328p/avr5/crtatmega328p.o
 *(.init9)
 *(.text)
 .text          0x00002588        0x4 C:/Program Files (x86)/Atmel/Studio/7.0/Packs/atmel/ATmega_DFP/1.1.130/gcc/dev/atmega328p/avr5/crtatmega328p.o
                0x00002588                __vector_22
                0x00002588                __vector_1
                0x00002588                __vector_24
                0x00002588                __vector_12
                0x00002588                __bad_interrupt
                0x00002588                __vector_6
                0x00002588                __vector_3
                0x00002588                __vector_23
                0x00002588                __vector_25
                0x00002588                __vector_11
                0x00002588                __vector_13
                0x00002588                __vector_17
                0x00002588                __vector_19
                0x00002588                __vector_7
                0x00002588                __vector_5
                0x00002588                __vector_4
                0x00002588                __vector_9
                0x00002588                __vector_2
                0x00002588                __vector_21
                0x00002588                __vector_15
                0x00002588                __vector_8
                0x00002588                __vector_14
                0x00002588                __vector_10
                0x00002588                __vector_20
                0x0000258c                . = ALIGN (0x2)
 *(.text.*)
 .text._ZN6EEPROM5writeEjh
                0x0000258c       0x10 Drivers/eeprom.o
                0x0000258c                _ZN6EEPROM5writeEjh
 .text._ZN6EEPROM8readByteEj
                0x0000259c        0xe Drivers/eeprom.o
                0x0000259c                _ZN6EEPROM8readByteEj
 .text._ZN6EEPROM9readFloatEj
                0x000025aa       0x68 Drivers/eeprom.o
                0x000025aa                _ZN6EEPROM9readFloatEj
 .text._ZN6EEPROM9readInt16Ej
                0x00002612       0x40 Drivers/eeprom.o
                0x00002612                _ZN6EEPROM9readInt16Ej
 .text._ZN6EEPROM4saveEPhjj
                0x00002652       0x48 Drivers/eeprom.o
                0x00002652                _ZN6EEPROM4saveEPhjj
 .text.u8g_DrawXBMP
                0x0000269a       0xfc Drivers/u8glib/u8g_bitmap.o
                0x0000269a                u8g_DrawXBMP
 .text.u8g_IsBBXIntersection
                0x00002796       0x44 Drivers/u8glib/u8g_clip.o
                0x00002796                u8g_IsBBXIntersection
 .text.u8g_InitCom
                0x000027da       0x12 Drivers/u8glib/u8g_com_api.o
                0x000027da                u8g_InitCom
 .text.u8g_SetChipSelect
                0x000027ec       0x12 Drivers/u8glib/u8g_com_api.o
                0x000027ec                u8g_SetChipSelect
 .text.u8g_SetResetLow
                0x000027fe       0x14 Drivers/u8glib/u8g_com_api.o
                0x000027fe                u8g_SetResetLow
 .text.u8g_SetResetHigh
                0x00002812       0x14 Drivers/u8glib/u8g_com_api.o
                0x00002812                u8g_SetResetHigh
 .text.u8g_SetAddress
                0x00002826       0x12 Drivers/u8glib/u8g_com_api.o
                0x00002826                u8g_SetAddress
 .text.u8g_WriteByte
                0x00002838       0x12 Drivers/u8glib/u8g_com_api.o
                0x00002838                u8g_WriteByte
 .text.u8g_WriteSequence
                0x0000284a        0xe Drivers/u8glib/u8g_com_api.o
                0x0000284a                u8g_WriteSequence
 .text.u8g_WriteEscSeqP
                0x00002858       0xc0 Drivers/u8glib/u8g_com_api.o
                0x00002858                u8g_WriteEscSeqP
 .text.u8g_com_arduino_ssd_start_sequence
                0x00002918       0x34 Drivers/u8glib/u8g_com_arduino_ssd_i2c.o
                0x00002918                u8g_com_arduino_ssd_start_sequence
 .text.u8g_com_arduino_ssd_i2c_fn
                0x0000294c       0xb4 Drivers/u8glib/u8g_com_arduino_ssd_i2c.o
                0x0000294c                u8g_com_arduino_ssd_i2c_fn
 .text.u8g_i2c_set_error
                0x00002a00       0x12 Drivers/u8glib/u8g_com_i2c.o
 .text.u8g_i2c_clear_error
                0x00002a12        0xa Drivers/u8glib/u8g_com_i2c.o
                0x00002a12                u8g_i2c_clear_error
 .text.u8g_i2c_init
                0x00002a1c       0x1a Drivers/u8glib/u8g_com_i2c.o
                0x00002a1c                u8g_i2c_init
 .text.u8g_i2c_wait
                0x00002a36       0x52 Drivers/u8glib/u8g_com_i2c.o
                0x00002a36                u8g_i2c_wait
 .text.u8g_i2c_start
                0x00002a88       0x6e Drivers/u8glib/u8g_com_i2c.o
                0x00002a88                u8g_i2c_start
 .text.u8g_i2c_send_byte
                0x00002af6       0x42 Drivers/u8glib/u8g_com_i2c.o
                0x00002af6                u8g_i2c_send_byte
 .text.u8g_i2c_stop
                0x00002b38        0xe Drivers/u8glib/u8g_com_i2c.o
                0x00002b38                u8g_i2c_stop
 .text.u8g_Delay
                0x00002b46       0x14 Drivers/u8glib/u8g_delay.o
                0x00002b46                u8g_Delay
 .text.u8g_dev_ssd1306_128x64_fn
                0x00002b5a      0x112 Drivers/u8glib/u8g_dev_ssd1306_128x64.o
                0x00002b5a                u8g_dev_ssd1306_128x64_fn
 .text.u8g_font_get_word
                0x00002c6c       0x18 Drivers/u8glib/u8g_font.o
 .text.u8g_font_GetFormat
                0x00002c84        0x6 Drivers/u8glib/u8g_font.o
 .text.u8g_font_GetFontGlyphStructureSize
                0x00002c8a       0x14 Drivers/u8glib/u8g_font.o
 .text.u8g_font_calc_vref_font
                0x00002c9e        0x4 Drivers/u8glib/u8g_font.o
                0x00002c9e                u8g_font_calc_vref_font
 .text.u8g_font_GetEncoding65Pos
                0x00002ca2        0x6 Drivers/u8glib/u8g_font.o
                0x00002ca2                u8g_font_GetEncoding65Pos
 .text.u8g_font_GetEncoding97Pos
                0x00002ca8        0x6 Drivers/u8glib/u8g_font.o
                0x00002ca8                u8g_font_GetEncoding97Pos
 .text.u8g_font_GetFontStartEncoding
                0x00002cae        0x8 Drivers/u8glib/u8g_font.o
                0x00002cae                u8g_font_GetFontStartEncoding
 .text.u8g_font_GetFontEndEncoding
                0x00002cb6        0x8 Drivers/u8glib/u8g_font.o
                0x00002cb6                u8g_font_GetFontEndEncoding
 .text.u8g_GetGlyph
                0x00002cbe      0x1ac Drivers/u8glib/u8g_font.o
                0x00002cbe                u8g_GetGlyph
 .text.u8g_draw_glyph
                0x00002e6a       0xd6 Drivers/u8glib/u8g_font.o
                0x00002e6a                u8g_draw_glyph
 .text.u8g_DrawStr
                0x00002f40       0x6e Drivers/u8glib/u8g_font.o
                0x00002f40                u8g_DrawStr
 .text.u8g_DrawStrP
                0x00002fae       0x54 Drivers/u8glib/u8g_font.o
                0x00002fae                u8g_DrawStrP
 .text.u8g_UpdateRefHeight
                0x00003002       0x92 Drivers/u8glib/u8g_font.o
                0x00003002                u8g_UpdateRefHeight
 .text.u8g_SetFontPosBaseline
                0x00003094        0xc Drivers/u8glib/u8g_font.o
                0x00003094                u8g_SetFontPosBaseline
 .text.u8g_SetFont
                0x000030a0       0x28 Drivers/u8glib/u8g_font.o
                0x000030a0                u8g_SetFont
 .text.u8g_init_data
                0x000030c8       0x56 Drivers/u8glib/u8g_ll_api.o
 .text.u8g_call_dev_fn
                0x0000311e        0x8 Drivers/u8glib/u8g_ll_api.o
                0x0000311e                u8g_call_dev_fn
 .text.u8g_InitLL
                0x00003126       0x64 Drivers/u8glib/u8g_ll_api.o
                0x00003126                u8g_InitLL
 .text.u8g_FirstPageLL
                0x0000318a       0x4a Drivers/u8glib/u8g_ll_api.o
                0x0000318a                u8g_FirstPageLL
 .text.u8g_NextPageLL
                0x000031d4       0x58 Drivers/u8glib/u8g_ll_api.o
                0x000031d4                u8g_NextPageLL
 .text.u8g_DrawPixelLL
                0x0000322c       0x12 Drivers/u8glib/u8g_ll_api.o
                0x0000322c                u8g_DrawPixelLL
 .text.u8g_GetWidthLL
                0x0000323e       0x20 Drivers/u8glib/u8g_ll_api.o
                0x0000323e                u8g_GetWidthLL
 .text.u8g_GetHeightLL
                0x0000325e       0x20 Drivers/u8glib/u8g_ll_api.o
                0x0000325e                u8g_GetHeightLL
 .text.u8g_GetModeLL
                0x0000327e        0xa Drivers/u8glib/u8g_ll_api.o
                0x0000327e                u8g_GetModeLL
 .text.u8g_UpdateDimension
                0x00003288       0x3e Drivers/u8glib/u8g_ll_api.o
                0x00003288                u8g_UpdateDimension
 .text.u8g_Begin
                0x000032c6       0x20 Drivers/u8glib/u8g_ll_api.o
                0x000032c6                u8g_Begin
 .text.u8g_InitI2C
                0x000032e6       0x3a Drivers/u8glib/u8g_ll_api.o
                0x000032e6                u8g_InitI2C
 .text.u8g_FirstPage
                0x00003320        0xa Drivers/u8glib/u8g_ll_api.o
                0x00003320                u8g_FirstPage
 .text.u8g_NextPage
                0x0000332a       0x1e Drivers/u8glib/u8g_ll_api.o
                0x0000332a                u8g_NextPage
 .text.u8g_DrawPixel
                0x00003348       0x10 Drivers/u8glib/u8g_ll_api.o
                0x00003348                u8g_DrawPixel
 .text.u8g_Draw8Pixel
                0x00003358       0x22 Drivers/u8glib/u8g_ll_api.o
                0x00003358                u8g_Draw8Pixel
 .text.u8g_page_First
                0x0000337a        0xe Drivers/u8glib/u8g_page.o
                0x0000337a                u8g_page_First
 .text.u8g_page_Next
                0x00003388       0x2c Drivers/u8glib/u8g_page.o
                0x00003388                u8g_page_Next
 .text.u8g_pb_Clear
                0x000033b4       0x20 Drivers/u8glib/u8g_pb.o
                0x000033b4                u8g_pb_Clear
 .text.u8g_pb_IsYIntersection
                0x000033d4       0x2c Drivers/u8glib/u8g_pb.o
                0x000033d4                u8g_pb_IsYIntersection
 .text.u8g_pb_GetPageBox
                0x00003400       0x20 Drivers/u8glib/u8g_pb.o
                0x00003400                u8g_pb_GetPageBox
 .text.u8g_pb_Is8PixelVisible
                0x00003420       0x20 Drivers/u8glib/u8g_pb.o
                0x00003420                u8g_pb_Is8PixelVisible
 .text.u8g_pb_WriteBuffer
                0x00003440       0x10 Drivers/u8glib/u8g_pb.o
                0x00003440                u8g_pb_WriteBuffer
 .text.u8g_pb8v1_set_pixel
                0x00003450       0x34 Drivers/u8glib/u8g_pb8v1.o
                0x00003450                u8g_pb8v1_set_pixel
 .text.u8g_pb8v1_SetPixel
                0x00003484       0x2c Drivers/u8glib/u8g_pb8v1.o
                0x00003484                u8g_pb8v1_SetPixel
 .text.u8g_pb8v1_Set8PixelOpt2
                0x000034b0       0x68 Drivers/u8glib/u8g_pb8v1.o
                0x000034b0                u8g_pb8v1_Set8PixelOpt2
 .text.u8g_dev_pb8v1_base_fn
                0x00003518       0x8e Drivers/u8glib/u8g_pb8v1.o
                0x00003518                u8g_dev_pb8v1_base_fn
 .text.u8g_draw_hline
                0x000035a6       0x72 Drivers/u8glib/u8g_rect.o
                0x000035a6                u8g_draw_hline
 .text.u8g_draw_vline
                0x00003618       0x72 Drivers/u8glib/u8g_rect.o
                0x00003618                u8g_draw_vline
 .text.u8g_DrawFrame
                0x0000368a       0x76 Drivers/u8glib/u8g_rect.o
                0x0000368a                u8g_DrawFrame
 .text.u8g_state_dummy_cb
                0x00003700        0x2 Drivers/u8glib/u8g_state.o
                0x00003700                u8g_state_dummy_cb
 .text._ZN4UART4initEv
                0x00003702       0x24 Drivers/uart.o
                0x00003702                _ZN4UART4initEv
 .text._ZN4UART3addEhPFvhE
                0x00003726       0x14 Drivers/uart.o
                0x00003726                _ZN4UART3addEhPFvhE
 .text._ZN4UART7receiveEh
                0x0000373a       0x44 Drivers/uart.o
                0x0000373a                _ZN4UART7receiveEh
 .text._ZN4UART5writeEPc
                0x0000377e       0x1a Drivers/uart.o
                0x0000377e                _ZN4UART5writeEPc
 .text.__vector_18
                0x00003798       0x50 Drivers/uart.o
                0x00003798                __vector_18
 .text.crc_accumulate
                0x000037e8       0x44 main.o
 .text._Z15mavlink_receiveh
                0x0000382c      0x4bc main.o
                0x0000382c                _Z15mavlink_receiveh
 .text._Z8init_ADCv
                0x00003ce8        0xe main.o
                0x00003ce8                _Z8init_ADCv
 .text._Z13init_hardwarev
                0x00003cf6       0x3e main.o
                0x00003cf6                _Z13init_hardwarev
 .text._Z5delayi
                0x00003d34       0x18 main.o
                0x00003d34                _Z5delayi
 .text._Z4beepj
                0x00003d4c        0xa main.o
                0x00003d4c                _Z4beepj
 .text._Z14startRadiationv
                0x00003d56       0x14 main.o
                0x00003d56                _Z14startRadiationv
 .text._Z10analogReadi
                0x00003d6a       0x28 main.o
                0x00003d6a                _Z10analogReadi
 .text._Z15getInputVoltagev
                0x00003d92       0x7a main.o
                0x00003d92                _Z15getInputVoltagev
 .text._Z12getCellCountv
                0x00003e0c       0x24 main.o
                0x00003e0c                _Z12getCellCountv
 .text._Z16saveLastPositionv
                0x00003e30       0x7a main.o
                0x00003e30                _Z16saveLastPositionv
 .text._Z16loadLastPositionv
                0x00003eaa       0x4e main.o
                0x00003eaa                _Z16loadLastPositionv
 .text._Z14showLockScreenv
                0x00003ef8      0x13a main.o
                0x00003ef8                _Z14showLockScreenv
 .text._Z16showSplashScreenv
                0x00004032       0xbc main.o
                0x00004032                _Z16showSplashScreenv
 .text._Z22showLastSavedPosScreenv
                0x000040ee      0x11a main.o
                0x000040ee                _Z22showLastSavedPosScreenv
 .text._Z21showMavlinkDataScreenv
                0x00004208      0x2b0 main.o
                0x00004208                _Z21showMavlinkDataScreenv
 .text._Z22showInputVoltageScreenv
                0x000044b8      0x104 main.o
                0x000044b8                _Z22showInputVoltageScreenv
 .text._Z19checkVoltagePerCellv
                0x000045bc       0xac main.o
                0x000045bc                _Z19checkVoltagePerCellv
 .text._Z12checkMavlinkv
                0x00004668       0x4c main.o
                0x00004668                _Z12checkMavlinkv
 .text._Z18checkButtonPressedv
                0x000046b4       0x7a main.o
                0x000046b4                _Z18checkButtonPressedv
 .text.startup.main
                0x0000472e       0x54 main.o
                0x0000472e                main
 .text.startup._GLOBAL__sub_I__Z3maplllll
                0x00004782        0x8 main.o
 .text._ZN4Time4initEv
                0x0000478a       0x12 time.o
                0x0000478a                _ZN4Time4initEv
 .text._ZN4TimeC2Ev
                0x0000479c       0x16 time.o
                0x0000479c                _ZN4TimeC1Ev
                0x0000479c                _ZN4TimeC2Ev
 .text._ZN4Time6millisEv
                0x000047b2       0x12 time.o
                0x000047b2                _ZN4Time6millisEv
 .text.__vector_16
                0x000047c4       0x94 time.o
                0x000047c4                __vector_16
 .text.avr-libc.fplib
                0x00004858        0xe c:/program files (x86)/atmel/studio/7.0/toolchain/avr8/avr8-gnu-toolchain/bin/../lib/gcc/avr/4.9.2/../../../../avr/lib/avr5\libm.a(addsf3.o)
                0x00004858                __subsf3
                0x0000485a                __addsf3
 .text.avr-libc.fplib
                0x00004866       0xcc c:/program files (x86)/atmel/studio/7.0/toolchain/avr8/avr8-gnu-toolchain/bin/../lib/gcc/avr/4.9.2/../../../../avr/lib/avr5\libm.a(addsf3x.o)
                0x00004888                __addsf3x
 .text.avr-libc.fplib
                0x00004932        0xa c:/program files (x86)/atmel/studio/7.0/toolchain/avr8/avr8-gnu-toolchain/bin/../lib/gcc/avr/4.9.2/../../../../avr/lib/avr5\libm.a(cmpsf2.o)
                0x00004932                __nesf2
                0x00004932                __eqsf2
                0x00004932                __cmpsf2
                0x00004932                __ltsf2
                0x00004932                __lesf2
 .text.avr-libc.fplib
                0x0000493c        0x8 c:/program files (x86)/atmel/studio/7.0/toolchain/avr8/avr8-gnu-toolchain/bin/../lib/gcc/avr/4.9.2/../../../../avr/lib/avr5\libm.a(divsf3.o)
                0x0000493c                __divsf3
 .text.avr-libc.fplib
                0x00004944       0xdc c:/program files (x86)/atmel/studio/7.0/toolchain/avr8/avr8-gnu-toolchain/bin/../lib/gcc/avr/4.9.2/../../../../avr/lib/avr5\libm.a(divsf3x.o)
                0x00004964                __divsf3x
                0x0000496a                __divsf3_pse
 .text.avr-libc.fplib
                0x00004a20       0x5e c:/program files (x86)/atmel/studio/7.0/toolchain/avr8/avr8-gnu-toolchain/bin/../lib/gcc/avr/4.9.2/../../../../avr/lib/avr5\libm.a(fixunssfsi.o)
                0x00004a20                __fixunssfsi
 .text.avr-libc.fplib
                0x00004a7e       0x7a c:/program files (x86)/atmel/studio/7.0/toolchain/avr8/avr8-gnu-toolchain/bin/../lib/gcc/avr/4.9.2/../../../../avr/lib/avr5\libm.a(floatsisf.o)
                0x00004a7e                __floatunsisf
                0x00004a82                __floatsisf
 .text.avr-libc.fplib
                0x00004af8       0x48 c:/program files (x86)/atmel/studio/7.0/toolchain/avr8/avr8-gnu-toolchain/bin/../lib/gcc/avr/4.9.2/../../../../avr/lib/avr5\libm.a(fp_cmp.o)
                0x00004af8                __fp_cmp
 .text.avr-libc.fplib
                0x00004b40        0xc c:/program files (x86)/atmel/studio/7.0/toolchain/avr8/avr8-gnu-toolchain/bin/../lib/gcc/avr/4.9.2/../../../../avr/lib/avr5\libm.a(fp_inf.o)
                0x00004b40                __fp_inf
 .text.avr-libc.fplib
                0x00004b4c        0x6 c:/program files (x86)/atmel/studio/7.0/toolchain/avr8/avr8-gnu-toolchain/bin/../lib/gcc/avr/4.9.2/../../../../avr/lib/avr5\libm.a(fp_nan.o)
                0x00004b4c                __fp_nan
 .text.avr-libc.fplib
                0x00004b52        0xe c:/program files (x86)/atmel/studio/7.0/toolchain/avr8/avr8-gnu-toolchain/bin/../lib/gcc/avr/4.9.2/../../../../avr/lib/avr5\libm.a(fp_pscA.o)
                0x00004b52                __fp_pscA
 .text.avr-libc.fplib
                0x00004b60        0xe c:/program files (x86)/atmel/studio/7.0/toolchain/avr8/avr8-gnu-toolchain/bin/../lib/gcc/avr/4.9.2/../../../../avr/lib/avr5\libm.a(fp_pscB.o)
                0x00004b60                __fp_pscB
 .text.avr-libc.fplib
                0x00004b6e       0x22 c:/program files (x86)/atmel/studio/7.0/toolchain/avr8/avr8-gnu-toolchain/bin/../lib/gcc/avr/4.9.2/../../../../avr/lib/avr5\libm.a(fp_round.o)
                0x00004b6e                __fp_round
 .text.avr-libc.fplib
                0x00004b90       0x44 c:/program files (x86)/atmel/studio/7.0/toolchain/avr8/avr8-gnu-toolchain/bin/../lib/gcc/avr/4.9.2/../../../../avr/lib/avr5\libm.a(fp_split3.o)
                0x00004b90                __fp_split3
                0x00004ba0                __fp_splitA
 .text.avr-libc.fplib
                0x00004bd4        0xe c:/program files (x86)/atmel/studio/7.0/toolchain/avr8/avr8-gnu-toolchain/bin/../lib/gcc/avr/4.9.2/../../../../avr/lib/avr5\libm.a(fp_zero.o)
                0x00004bd4                __fp_zero
                0x00004bd6                __fp_szero
 .text.avr-libc.fplib
                0x00004be2        0xa c:/program files (x86)/atmel/studio/7.0/toolchain/avr8/avr8-gnu-toolchain/bin/../lib/gcc/avr/4.9.2/../../../../avr/lib/avr5\libm.a(gesf2.o)
                0x00004be2                __gesf2
                0x00004be2                __gtsf2
 .text.avr-libc.fplib
                0x00004bec        0x8 c:/program files (x86)/atmel/studio/7.0/toolchain/avr8/avr8-gnu-toolchain/bin/../lib/gcc/avr/4.9.2/../../../../avr/lib/avr5\libm.a(mulsf3.o)
                0x00004bec                __mulsf3
 .text.avr-libc.fplib
                0x00004bf4       0xd2 c:/program files (x86)/atmel/studio/7.0/toolchain/avr8/avr8-gnu-toolchain/bin/../lib/gcc/avr/4.9.2/../../../../avr/lib/avr5\libm.a(mulsf3x.o)
                0x00004c12                __mulsf3x
                0x00004c18                __mulsf3_pse
 .text.libgcc.div
                0x00004cc6       0x28 c:/program files (x86)/atmel/studio/7.0/toolchain/avr8/avr8-gnu-toolchain/bin/../lib/gcc/avr/4.9.2/avr5\libgcc.a(_udivmodhi4.o)
                0x00004cc6                __udivmodhi4
 .text.libgcc.div
                0x00004cee       0x28 c:/program files (x86)/atmel/studio/7.0/toolchain/avr8/avr8-gnu-toolchain/bin/../lib/gcc/avr/4.9.2/avr5\libgcc.a(_divmodhi4.o)
                0x00004cee                _div
                0x00004cee                __divmodhi4
 .text.libgcc.div
                0x00004d16       0x2e c:/program files (x86)/atmel/studio/7.0/toolchain/avr8/avr8-gnu-toolchain/bin/../lib/gcc/avr/4.9.2/avr5\libgcc.a(_divmodsi4.o)
                0x00004d16                __divmodsi4
 .text.libgcc.div
                0x00004d44       0x10 c:/program files (x86)/atmel/studio/7.0/toolchain/avr8/avr8-gnu-toolchain/bin/../lib/gcc/avr/4.9.2/avr5\libgcc.a(_negsi2.o)
                0x00004d44                __negsi2
 .text.libgcc   0x00004d54        0xc c:/program files (x86)/atmel/studio/7.0/toolchain/avr8/avr8-gnu-toolchain/bin/../lib/gcc/avr/4.9.2/avr5\libgcc.a(_tablejump2.o)
                0x00004d54                __tablejump2__
 .text.libgcc.div
                0x00004d60       0x44 c:/program files (x86)/atmel/studio/7.0/toolchain/avr8/avr8-gnu-toolchain/bin/../lib/gcc/avr/4.9.2/avr5\libgcc.a(_udivmodsi4.o)
                0x00004d60                __udivmodsi4
 .text.avr-libc
                0x00004da4       0x40 c:/program files (x86)/atmel/studio/7.0/toolchain/avr8/avr8-gnu-toolchain/bin/../lib/gcc/avr/4.9.2/../../../../avr/lib/avr5\libc.a(dtostrf.o)
                0x00004da4                dtostrf
 .text.avr-libc
                0x00004de4       0x12 c:/program files (x86)/atmel/studio/7.0/toolchain/avr8/avr8-gnu-toolchain/bin/../lib/gcc/avr/4.9.2/../../../../avr/lib/avr5\libc.a(memcpy.o)
                0x00004de4                memcpy
 .text.avr-libc
                0x00004df6       0x46 c:/program files (x86)/atmel/studio/7.0/toolchain/avr8/avr8-gnu-toolchain/bin/../lib/gcc/avr/4.9.2/../../../../avr/lib/avr5\libc.a(sprintf_p.o)
                0x00004df6                sprintf_P
 .text.avr-libc
                0x00004e3c      0x3a4 c:/program files (x86)/atmel/studio/7.0/toolchain/avr8/avr8-gnu-toolchain/bin/../lib/gcc/avr/4.9.2/../../../../avr/lib/avr5\libc.a(vfprintf_std.o)
                0x00004e3c                vfprintf
 .text.avr-libc
                0x000051e0      0x31c c:/program files (x86)/atmel/studio/7.0/toolchain/avr8/avr8-gnu-toolchain/bin/../lib/gcc/avr/4.9.2/../../../../avr/lib/avr5\libc.a(dtoa_prf.o)
                0x000051e0                dtoa_prf
 .text.avr-libc
                0x000054fc      0x1b0 c:/program files (x86)/atmel/studio/7.0/toolchain/avr8/avr8-gnu-toolchain/bin/../lib/gcc/avr/4.9.2/../../../../avr/lib/avr5\libc.a(ftoa_engine.o)
                0x000054fc                __ftoa_engine
 .text.avr-libc
                0x000056ac       0x16 c:/program files (x86)/atmel/studio/7.0/toolchain/avr8/avr8-gnu-toolchain/bin/../lib/gcc/avr/4.9.2/../../../../avr/lib/avr5\libc.a(strnlen_P.o)
                0x000056ac                strnlen_P
 .text.avr-libc
                0x000056c2       0x16 c:/program files (x86)/atmel/studio/7.0/toolchain/avr8/avr8-gnu-toolchain/bin/../lib/gcc/avr/4.9.2/../../../../avr/lib/avr5\libc.a(strnlen.o)
                0x000056c2                strnlen
 .text.avr-libc
                0x000056d8       0x70 c:/program files (x86)/atmel/studio/7.0/toolchain/avr8/avr8-gnu-toolchain/bin/../lib/gcc/avr/4.9.2/../../../../avr/lib/avr5\libc.a(fputc.o)
                0x000056d8                fputc
 .text.avr-libc
                0x00005748       0xbc c:/program files (x86)/atmel/studio/7.0/toolchain/avr8/avr8-gnu-toolchain/bin/../lib/gcc/avr/4.9.2/../../../../avr/lib/avr5\libc.a(ultoa_invert.o)
                0x00005748                __ultoa_invert
 .text.libgcc.prologue
                0x00005804       0x38 c:/program files (x86)/atmel/studio/7.0/toolchain/avr8/avr8-gnu-toolchain/bin/../lib/gcc/avr/4.9.2/avr5\libgcc.a(_prologue.o)
                0x00005804                __prologue_saves__
 .text.libgcc.prologue
                0x0000583c       0x36 c:/program files (x86)/atmel/studio/7.0/toolchain/avr8/avr8-gnu-toolchain/bin/../lib/gcc/avr/4.9.2/avr5\libgcc.a(_epilogue.o)
                0x0000583c                __epilogue_restores__
                0x00005872                . = ALIGN (0x2)
 *(.fini9)
 .fini9         0x00005872        0x0 c:/program files (x86)/atmel/studio/7.0/toolchain/avr8/avr8-gnu-toolchain/bin/../lib/gcc/avr/4.9.2/avr5\libgcc.a(_exit.o)
                0x00005872                _exit
                0x00005872                exit
 *(.fini9)
 *(.fini8)
 *(.fini8)
 *(.fini7)
 *(.fini7)
 *(.fini6)
 *(.fini6)
 *(.fini5)
 *(.fini5)
 *(.fini4)
 *(.fini4)
 *(.fini3)
 *(.fini3)
 *(.fini2)
 *(.fini2)
 *(.fini1)
 *(.fini1)
 *(.fini0)
 .fini0         0x00005872        0x4 c:/program files (x86)/atmel/studio/7.0/toolchain/avr8/avr8-gnu-toolchain/bin/../lib/gcc/avr/4.9.2/avr5\libgcc.a(_exit.o)
 *(.fini0)
                0x00005876                _etext = .

.data           0x00800100      0x128 load address 0x00005876
                0x00800100                PROVIDE (__data_start, .)
 *(.data)
 *(.data*)
 .data.u8g_dev_ssd1306_128x64_i2c
                0x00800100        0x6 Drivers/u8glib/u8g_dev_ssd1306_128x64.o
                0x00800100                u8g_dev_ssd1306_128x64_i2c
 .data.u8g_dev_ssd1306_128x64_i2c_pb
                0x00800106        0x8 Drivers/u8glib/u8g_dev_ssd1306_128x64.o
                0x00800106                u8g_dev_ssd1306_128x64_i2c_pb
 *(.rodata)
 *(.rodata*)
 .rodata.str1.1
                0x0080010e       0x1a main.o
 .rodata._ZZ25mavlink_frame_char_bufferE20mavlink_message_crcs
                0x00800128      0x100 main.o
 *(.gnu.linkonce.d*)
                0x00800228                . = ALIGN (0x2)
                0x00800228                _edata = .
                0x00800228                PROVIDE (__data_end, .)

.bss            0x00800228      0x360
                0x00800228                PROVIDE (__bss_start, .)
 *(.bss)
 *(.bss*)
 .bss.u8g_i2c_err_pos
                0x00800228        0x1 Drivers/u8glib/u8g_com_i2c.o
 .bss.u8g_i2c_opt
                0x00800229        0x1 Drivers/u8glib/u8g_com_i2c.o
 .bss.u8g_i2c_err_code
                0x0080022a        0x1 Drivers/u8glib/u8g_com_i2c.o
 .bss.u8g_dev_ssd1306_128x64_i2c_buf
                0x0080022b       0x80 Drivers/u8glib/u8g_dev_ssd1306_128x64.o
                0x0080022b                u8g_dev_ssd1306_128x64_i2c_buf
 .bss._ZZ26mavlink_get_channel_statusE16m_mavlink_status
                0x008002ab        0xb main.o
 .bss._ZZ26mavlink_get_channel_bufferE16m_mavlink_buffer
                0x008002b6      0x110 main.o
 .bss.last_voltage_warning_time
                0x008003c6        0x4 main.o
                0x008003c6                last_voltage_warning_time
 .bss.last_mavlink_time
                0x008003ca        0x4 main.o
                0x008003ca                last_mavlink_time
 .bss.safety_button_pressed_time
                0x008003ce        0x4 main.o
                0x008003ce                safety_button_pressed_time
 .bss.unblock   0x008003d2        0x1 main.o
                0x008003d2                unblock
 .bss.floatBuffer
                0x008003d3       0x10 main.o
                0x008003d3                floatBuffer
 .bss.stringBuffer
                0x008003e3       0x20 main.o
                0x008003e3                stringBuffer
 .bss.mavlinkStatus
                0x00800403        0x1 main.o
                0x00800403                mavlinkStatus
 .bss.voltage   0x00800404        0x4 main.o
                0x00800404                voltage
 .bss.current   0x00800408        0x4 main.o
                0x00800408                current
 .bss.pitch     0x0080040c        0x4 main.o
                0x0080040c                pitch
 .bss.roll      0x00800410        0x4 main.o
                0x00800410                roll
 .bss.rssi      0x00800414        0x1 main.o
                0x00800414                rssi
 .bss.fix_type  0x00800415        0x1 main.o
                0x00800415                fix_type
 .bss.satellites_visible
                0x00800416        0x1 main.o
                0x00800416                satellites_visible
 .bss.speed     0x00800417        0x1 main.o
                0x00800417                speed
 .bss.alt       0x00800418        0x4 main.o
                0x00800418                alt
 .bss.hdg       0x0080041c        0x2 main.o
                0x0080041c                hdg
 .bss.longitude
                0x0080041e        0x4 main.o
                0x0080041e                longitude
 .bss.latitude  0x00800422        0x4 main.o
                0x00800422                latitude
 .bss.status    0x00800426        0xb main.o
                0x00800426                status
 .bss.msg       0x00800431      0x110 main.o
                0x00800431                msg
 .bss.time      0x00800541        0x9 main.o
                0x00800541                time
 .bss.eeprom    0x0080054a        0x1 main.o
                0x0080054a                eeprom
 .bss.serial    0x0080054b        0x6 main.o
                0x0080054b                serial
 .bss.display   0x00800551       0x37 main.o
                0x00800551                display
 *(COMMON)
                0x00800588                PROVIDE (__bss_end, .)
                0x00005876                __data_load_start = LOADADDR (.data)
                0x0000599e                __data_load_end = (__data_load_start + SIZEOF (.data))

.noinit         0x00800588        0x0
                [!provide]                PROVIDE (__noinit_start, .)
 *(.noinit*)
                [!provide]                PROVIDE (__noinit_end, .)
                0x00800588                _end = .
                [!provide]                PROVIDE (__heap_start, .)

.eeprom         0x00810000        0x0
 *(.eeprom*)
                0x00810000                __eeprom_end = .

.fuse
 *(.fuse)
 *(.lfuse)
 *(.hfuse)
 *(.efuse)

.lock
 *(.lock*)

.signature
 *(.signature*)

.user_signatures
 *(.user_signatures*)

.stab
 *(.stab)

.stabstr
 *(.stabstr)

.stab.excl
 *(.stab.excl)

.stab.exclstr
 *(.stab.exclstr)

.stab.index
 *(.stab.index)

.stab.indexstr
 *(.stab.indexstr)

.comment        0x00000000       0x5c
 *(.comment)
 .comment       0x00000000       0x30 Drivers/eeprom.o
                                 0x31 (size before relaxing)
 .comment       0x00000030       0x31 Drivers/u8glib/u8g_bitmap.o
 .comment       0x00000030       0x31 Drivers/u8glib/u8g_clip.o
 .comment       0x00000030       0x31 Drivers/u8glib/u8g_com_api.o
 .comment       0x00000030       0x31 Drivers/u8glib/u8g_com_arduino_ssd_i2c.o
 .comment       0x00000030       0x31 Drivers/u8glib/u8g_com_i2c.o
 .comment       0x00000030       0x31 Drivers/u8glib/u8g_delay.o
 .comment       0x00000030       0x31 Drivers/u8glib/u8g_dev_ssd1306_128x64.o
 .comment       0x00000030       0x31 Drivers/u8glib/u8g_font.o
 .comment       0x00000030       0x31 Drivers/u8glib/u8g_font_data.o
 .comment       0x00000030       0x31 Drivers/u8glib/u8g_ll_api.o
 .comment       0x00000030       0x31 Drivers/u8glib/u8g_page.o
 .comment       0x00000030       0x31 Drivers/u8glib/u8g_pb.o
 .comment       0x00000030       0x31 Drivers/u8glib/u8g_pb8v1.o
 .comment       0x00000030       0x31 Drivers/u8glib/u8g_rect.o
 .comment       0x00000030       0x31 Drivers/u8glib/u8g_state.o
 .comment       0x00000030       0x31 Drivers/uart.o
 .comment       0x00000030       0x31 main.o
 .comment       0x00000030       0x31 time.o
 .comment       0x00000030       0x31 c:/program files (x86)/atmel/studio/7.0/toolchain/avr8/avr8-gnu-toolchain/bin/../lib/gcc/avr/4.9.2/../../../../avr/lib/avr5\libc.a(dtostrf.o)
 .comment       0x00000030       0x31 c:/program files (x86)/atmel/studio/7.0/toolchain/avr8/avr8-gnu-toolchain/bin/../lib/gcc/avr/4.9.2/../../../../avr/lib/avr5\libc.a(sprintf_p.o)
 .comment       0x00000030       0x2c c:/program files (x86)/atmel/studio/7.0/toolchain/avr8/avr8-gnu-toolchain/bin/../lib/gcc/avr/4.9.2/../../../../avr/lib/avr5\libc.a(vfprintf_std.o)
                                 0x2d (size before relaxing)
 .comment       0x0000005c       0x31 c:/program files (x86)/atmel/studio/7.0/toolchain/avr8/avr8-gnu-toolchain/bin/../lib/gcc/avr/4.9.2/../../../../avr/lib/avr5\libc.a(dtoa_prf.o)
 .comment       0x0000005c       0x31 c:/program files (x86)/atmel/studio/7.0/toolchain/avr8/avr8-gnu-toolchain/bin/../lib/gcc/avr/4.9.2/../../../../avr/lib/avr5\libc.a(fputc.o)

.note.gnu.avr.deviceinfo
                0x00000000       0x40
 .note.gnu.avr.deviceinfo
                0x00000000       0x40 C:/Program Files (x86)/Atmel/Studio/7.0/Packs/atmel/ATmega_DFP/1.1.130/gcc/dev/atmega328p/avr5/crtatmega328p.o

.note.gnu.build-id
 *(.note.gnu.build-id)

.debug
 *(.debug)

.line
 *(.line)

.debug_srcinfo
 *(.debug_srcinfo)

.debug_sfnames
 *(.debug_sfnames)

.debug_aranges
 *(.debug_aranges)

.debug_pubnames
 *(.debug_pubnames)

.debug_info     0x00000000      0x5f4
 *(.debug_info .gnu.linkonce.wi.*)
 .debug_info    0x00000000      0x5f4 C:/Program Files (x86)/Atmel/Studio/7.0/Packs/atmel/ATmega_DFP/1.1.130/gcc/dev/atmega328p/avr5/crtatmega328p.o

.debug_abbrev   0x00000000      0x5a2
 *(.debug_abbrev)
 .debug_abbrev  0x00000000      0x5a2 C:/Program Files (x86)/Atmel/Studio/7.0/Packs/atmel/ATmega_DFP/1.1.130/gcc/dev/atmega328p/avr5/crtatmega328p.o

.debug_line     0x00000000      0x133
 *(.debug_line .debug_line.* .debug_line_end)
 .debug_line    0x00000000      0x133 C:/Program Files (x86)/Atmel/Studio/7.0/Packs/atmel/ATmega_DFP/1.1.130/gcc/dev/atmega328p/avr5/crtatmega328p.o

.debug_frame
 *(.debug_frame)

.debug_str      0x00000000      0x208
 *(.debug_str)
 .debug_str     0x00000000      0x208 C:/Program Files (x86)/Atmel/Studio/7.0/Packs/atmel/ATmega_DFP/1.1.130/gcc/dev/atmega328p/avr5/crtatmega328p.o

.debug_loc
 *(.debug_loc)

.debug_macinfo
 *(.debug_macinfo)

.debug_weaknames
 *(.debug_weaknames)

.debug_funcnames
 *(.debug_funcnames)

.debug_typenames
 *(.debug_typenames)

.debug_varnames
 *(.debug_varnames)

.debug_pubtypes
 *(.debug_pubtypes)

.debug_ranges
 *(.debug_ranges)

.debug_macro
 *(.debug_macro)
OUTPUT(QCZEK_LRS_Companion.elf elf32-avr)
LOAD linker stubs
